Downloading: "https://hf-mirror.com/chaofengc/IQA-PyTorch-Weights/resolve/main/niqe_modelparameters.mat" to /home/sergey/.cache/torch/hub/pyiqa/niqe_modelparameters.mat

  0%|          | 0.00/8.15k [00:00<?, ?B/s]100%|██████████| 8.15k/8.15k [00:00<00:00, 4.32MB/s]
niqe on 6240 images from the val split (lower is better)
  0/6240
  500/6240
  1000/6240
  1500/6240
  2000/6240
  2500/6240
  3000/6240
  3500/6240
  4000/6240
  4500/6240
  5000/6240
  5500/6240
  6000/6240

    kadid10k       n   2000   SRCC 0.3512   PLCC 0.3510
    koniq10k       n   2015   SRCC 0.5328   PLCC 0.4853
    spaq           n   2225   SRCC 0.5102   PLCC 0.4820
    macro                     SRCC 0.4647   PLCC 0.4394   worst 0.3512 on kadid10k
    within-ref                SRCC 0.3659   (16 references)

  latency batch 1     120.4 ms p50, 159.6 ms p95
  throughput          5.1 img/s (the scoring loop, one image at a time, including image loading)

per-image scores -> niqe_scores.csv
