=== arniqa-kadid on val === 06:00
Downloading: "https://huggingface.co/chaofengc/IQA-PyTorch-Weights/resolve/main/regressor_kadid10k.pth" to /home/sergey/.cache/torch/hub/pyiqa/regressor_kadid10k.pth

Traceback (most recent call last):
  File "/usr/lib/python3.12/urllib/request.py", line 1344, in do_open
    h.request(req.get_method(), req.selector, req.data, headers,
  File "/usr/lib/python3.12/http/client.py", line 1365, in request
    self._send_request(method, url, body, headers, encode_chunked)
  File "/usr/lib/python3.12/http/client.py", line 1411, in _send_request
    self.endheaders(body, encode_chunked=encode_chunked)
  File "/usr/lib/python3.12/http/client.py", line 1360, in endheaders
    self._send_output(message_body, encode_chunked=encode_chunked)
  File "/usr/lib/python3.12/http/client.py", line 1120, in _send_output
    self.send(msg)
  File "/usr/lib/python3.12/http/client.py", line 1064, in send
    self.connect()
  File "/usr/lib/python3.12/http/client.py", line 1499, in connect
    super().connect()
  File "/usr/lib/python3.12/http/client.py", line 1030, in connect
    self.sock = self._create_connection(
                ^^^^^^^^^^^^^^^^^^^^^^^^
  File "/usr/lib/python3.12/socket.py", line 852, in create_connection
    raise exceptions[0]
  File "/usr/lib/python3.12/socket.py", line 837, in create_connection
    sock.connect(sa)
TimeoutError: [Errno 110] Connection timed out

During handling of the above exception, another exception occurred:

Traceback (most recent call last):
  File "/home/sergey/pareto-optimal/zhao/project-2-pareto-iqa/run_pyiqa.py", line 176, in <module>
    main()
  File "/home/sergey/pareto-optimal/zhao/project-2-pareto-iqa/run_pyiqa.py", line 54, in main
    metric = pyiqa.create_metric(args.metric, device=device)
             ^^^^^^^^^^^^^^^^^^^^^^^^^^^^^^^^^^^^^^^^^^^^^^^
  File "/home/sergey/pareto-optimal/zhao/project-2-pareto-iqa/.venv/lib/python3.12/site-packages/pyiqa/api_helpers.py", line 15, in create_metric
    metric = InferenceModel(metric_name, as_loss=as_loss, device=device, **kwargs)
             ^^^^^^^^^^^^^^^^^^^^^^^^^^^^^^^^^^^^^^^^^^^^^^^^^^^^^^^^^^^^^^^^^^^^^
  File "/home/sergey/pareto-optimal/zhao/project-2-pareto-iqa/.venv/lib/python3.12/site-packages/pyiqa/models/inference_model.py", line 67, in __init__
    self.net = build_network(net_opts)
               ^^^^^^^^^^^^^^^^^^^^^^^
  File "/home/sergey/pareto-optimal/zhao/project-2-pareto-iqa/.venv/lib/python3.12/site-packages/pyiqa/archs/__init__.py", line 80, in build_network
    net = ARCH_REGISTRY.get(network_type)(**opt)
          ^^^^^^^^^^^^^^^^^^^^^^^^^^^^^^^^^^^^^^
  File "/home/sergey/pareto-optimal/zhao/project-2-pareto-iqa/.venv/lib/python3.12/site-packages/pyiqa/archs/arniqa_arch.py", line 92, in __init__
    regressor_path = load_file_from_url(
                     ^^^^^^^^^^^^^^^^^^^
  File "/home/sergey/pareto-optimal/zhao/project-2-pareto-iqa/.venv/lib/python3.12/site-packages/pyiqa/utils/download_util.py", line 103, in load_file_from_url
    download_url_to_file(url, cached_file, hash_prefix=None, progress=progress)
  File "/home/sergey/pareto-optimal/zhao/project-2-pareto-iqa/.venv/lib/python3.12/site-packages/torch/hub.py", line 708, in download_url_to_file
    u = urlopen(req)
        ^^^^^^^^^^^^
  File "/usr/lib/python3.12/urllib/request.py", line 215, in urlopen
    return opener.open(url, data, timeout)
           ^^^^^^^^^^^^^^^^^^^^^^^^^^^^^^^
  File "/usr/lib/python3.12/urllib/request.py", line 515, in open
    response = self._open(req, data)
               ^^^^^^^^^^^^^^^^^^^^^
  File "/usr/lib/python3.12/urllib/request.py", line 532, in _open
    result = self._call_chain(self.handle_open, protocol, protocol +
             ^^^^^^^^^^^^^^^^^^^^^^^^^^^^^^^^^^^^^^^^^^^^^^^^^^^^^^^
  File "/usr/lib/python3.12/urllib/request.py", line 492, in _call_chain
    result = func(*args)
             ^^^^^^^^^^^
  File "/usr/lib/python3.12/urllib/request.py", line 1392, in https_open
    return self.do_open(http.client.HTTPSConnection, req,
           ^^^^^^^^^^^^^^^^^^^^^^^^^^^^^^^^^^^^^^^^^^^^^^
  File "/usr/lib/python3.12/urllib/request.py", line 1347, in do_open
    raise URLError(err)
urllib.error.URLError: <urlopen error [Errno 110] Connection timed out>
=== arniqa-kadid on heldout === 06:04
Downloading: "https://huggingface.co/chaofengc/IQA-PyTorch-Weights/resolve/main/regressor_kadid10k.pth" to /home/sergey/.cache/torch/hub/pyiqa/regressor_kadid10k.pth

Traceback (most recent call last):
  File "/usr/lib/python3.12/urllib/request.py", line 1344, in do_open
    h.request(req.get_method(), req.selector, req.data, headers,
  File "/usr/lib/python3.12/http/client.py", line 1365, in request
    self._send_request(method, url, body, headers, encode_chunked)
  File "/usr/lib/python3.12/http/client.py", line 1411, in _send_request
    self.endheaders(body, encode_chunked=encode_chunked)
  File "/usr/lib/python3.12/http/client.py", line 1360, in endheaders
    self._send_output(message_body, encode_chunked=encode_chunked)
  File "/usr/lib/python3.12/http/client.py", line 1120, in _send_output
    self.send(msg)
  File "/usr/lib/python3.12/http/client.py", line 1064, in send
    self.connect()
  File "/usr/lib/python3.12/http/client.py", line 1499, in connect
    super().connect()
  File "/usr/lib/python3.12/http/client.py", line 1030, in connect
    self.sock = self._create_connection(
                ^^^^^^^^^^^^^^^^^^^^^^^^
  File "/usr/lib/python3.12/socket.py", line 852, in create_connection
    raise exceptions[0]
  File "/usr/lib/python3.12/socket.py", line 837, in create_connection
    sock.connect(sa)
TimeoutError: [Errno 110] Connection timed out

During handling of the above exception, another exception occurred:

Traceback (most recent call last):
  File "/home/sergey/pareto-optimal/zhao/project-2-pareto-iqa/run_pyiqa.py", line 176, in <module>
    main()
  File "/home/sergey/pareto-optimal/zhao/project-2-pareto-iqa/run_pyiqa.py", line 54, in main
    metric = pyiqa.create_metric(args.metric, device=device)
             ^^^^^^^^^^^^^^^^^^^^^^^^^^^^^^^^^^^^^^^^^^^^^^^
  File "/home/sergey/pareto-optimal/zhao/project-2-pareto-iqa/.venv/lib/python3.12/site-packages/pyiqa/api_helpers.py", line 15, in create_metric
    metric = InferenceModel(metric_name, as_loss=as_loss, device=device, **kwargs)
             ^^^^^^^^^^^^^^^^^^^^^^^^^^^^^^^^^^^^^^^^^^^^^^^^^^^^^^^^^^^^^^^^^^^^^
  File "/home/sergey/pareto-optimal/zhao/project-2-pareto-iqa/.venv/lib/python3.12/site-packages/pyiqa/models/inference_model.py", line 67, in __init__
    self.net = build_network(net_opts)
               ^^^^^^^^^^^^^^^^^^^^^^^
  File "/home/sergey/pareto-optimal/zhao/project-2-pareto-iqa/.venv/lib/python3.12/site-packages/pyiqa/archs/__init__.py", line 80, in build_network
    net = ARCH_REGISTRY.get(network_type)(**opt)
          ^^^^^^^^^^^^^^^^^^^^^^^^^^^^^^^^^^^^^^
  File "/home/sergey/pareto-optimal/zhao/project-2-pareto-iqa/.venv/lib/python3.12/site-packages/pyiqa/archs/arniqa_arch.py", line 92, in __init__
    regressor_path = load_file_from_url(
                     ^^^^^^^^^^^^^^^^^^^
  File "/home/sergey/pareto-optimal/zhao/project-2-pareto-iqa/.venv/lib/python3.12/site-packages/pyiqa/utils/download_util.py", line 103, in load_file_from_url
    download_url_to_file(url, cached_file, hash_prefix=None, progress=progress)
  File "/home/sergey/pareto-optimal/zhao/project-2-pareto-iqa/.venv/lib/python3.12/site-packages/torch/hub.py", line 708, in download_url_to_file
    u = urlopen(req)
        ^^^^^^^^^^^^
  File "/usr/lib/python3.12/urllib/request.py", line 215, in urlopen
    return opener.open(url, data, timeout)
           ^^^^^^^^^^^^^^^^^^^^^^^^^^^^^^^
  File "/usr/lib/python3.12/urllib/request.py", line 515, in open
    response = self._open(req, data)
               ^^^^^^^^^^^^^^^^^^^^^
  File "/usr/lib/python3.12/urllib/request.py", line 532, in _open
    result = self._call_chain(self.handle_open, protocol, protocol +
             ^^^^^^^^^^^^^^^^^^^^^^^^^^^^^^^^^^^^^^^^^^^^^^^^^^^^^^^
  File "/usr/lib/python3.12/urllib/request.py", line 492, in _call_chain
    result = func(*args)
             ^^^^^^^^^^^
  File "/usr/lib/python3.12/urllib/request.py", line 1392, in https_open
    return self.do_open(http.client.HTTPSConnection, req,
           ^^^^^^^^^^^^^^^^^^^^^^^^^^^^^^^^^^^^^^^^^^^^^^
  File "/usr/lib/python3.12/urllib/request.py", line 1347, in do_open
    raise URLError(err)
urllib.error.URLError: <urlopen error [Errno 110] Connection timed out>
=== arniqa-spaq on val === 06:09
Downloading: "https://huggingface.co/chaofengc/IQA-PyTorch-Weights/resolve/main/regressor_spaq.pth" to /home/sergey/.cache/torch/hub/pyiqa/regressor_spaq.pth

Traceback (most recent call last):
  File "/usr/lib/python3.12/urllib/request.py", line 1344, in do_open
    h.request(req.get_method(), req.selector, req.data, headers,
  File "/usr/lib/python3.12/http/client.py", line 1365, in request
    self._send_request(method, url, body, headers, encode_chunked)
  File "/usr/lib/python3.12/http/client.py", line 1411, in _send_request
    self.endheaders(body, encode_chunked=encode_chunked)
  File "/usr/lib/python3.12/http/client.py", line 1360, in endheaders
    self._send_output(message_body, encode_chunked=encode_chunked)
  File "/usr/lib/python3.12/http/client.py", line 1120, in _send_output
    self.send(msg)
  File "/usr/lib/python3.12/http/client.py", line 1064, in send
    self.connect()
  File "/usr/lib/python3.12/http/client.py", line 1499, in connect
    super().connect()
  File "/usr/lib/python3.12/http/client.py", line 1030, in connect
    self.sock = self._create_connection(
                ^^^^^^^^^^^^^^^^^^^^^^^^
  File "/usr/lib/python3.12/socket.py", line 852, in create_connection
    raise exceptions[0]
  File "/usr/lib/python3.12/socket.py", line 837, in create_connection
    sock.connect(sa)
TimeoutError: [Errno 110] Connection timed out

During handling of the above exception, another exception occurred:

Traceback (most recent call last):
  File "/home/sergey/pareto-optimal/zhao/project-2-pareto-iqa/run_pyiqa.py", line 176, in <module>
    main()
  File "/home/sergey/pareto-optimal/zhao/project-2-pareto-iqa/run_pyiqa.py", line 54, in main
    metric = pyiqa.create_metric(args.metric, device=device)
             ^^^^^^^^^^^^^^^^^^^^^^^^^^^^^^^^^^^^^^^^^^^^^^^
  File "/home/sergey/pareto-optimal/zhao/project-2-pareto-iqa/.venv/lib/python3.12/site-packages/pyiqa/api_helpers.py", line 15, in create_metric
    metric = InferenceModel(metric_name, as_loss=as_loss, device=device, **kwargs)
             ^^^^^^^^^^^^^^^^^^^^^^^^^^^^^^^^^^^^^^^^^^^^^^^^^^^^^^^^^^^^^^^^^^^^^
  File "/home/sergey/pareto-optimal/zhao/project-2-pareto-iqa/.venv/lib/python3.12/site-packages/pyiqa/models/inference_model.py", line 67, in __init__
    self.net = build_network(net_opts)
               ^^^^^^^^^^^^^^^^^^^^^^^
  File "/home/sergey/pareto-optimal/zhao/project-2-pareto-iqa/.venv/lib/python3.12/site-packages/pyiqa/archs/__init__.py", line 80, in build_network
    net = ARCH_REGISTRY.get(network_type)(**opt)
          ^^^^^^^^^^^^^^^^^^^^^^^^^^^^^^^^^^^^^^
  File "/home/sergey/pareto-optimal/zhao/project-2-pareto-iqa/.venv/lib/python3.12/site-packages/pyiqa/archs/arniqa_arch.py", line 92, in __init__
    regressor_path = load_file_from_url(
                     ^^^^^^^^^^^^^^^^^^^
  File "/home/sergey/pareto-optimal/zhao/project-2-pareto-iqa/.venv/lib/python3.12/site-packages/pyiqa/utils/download_util.py", line 103, in load_file_from_url
    download_url_to_file(url, cached_file, hash_prefix=None, progress=progress)
  File "/home/sergey/pareto-optimal/zhao/project-2-pareto-iqa/.venv/lib/python3.12/site-packages/torch/hub.py", line 708, in download_url_to_file
    u = urlopen(req)
        ^^^^^^^^^^^^
  File "/usr/lib/python3.12/urllib/request.py", line 215, in urlopen
    return opener.open(url, data, timeout)
           ^^^^^^^^^^^^^^^^^^^^^^^^^^^^^^^
  File "/usr/lib/python3.12/urllib/request.py", line 515, in open
    response = self._open(req, data)
               ^^^^^^^^^^^^^^^^^^^^^
  File "/usr/lib/python3.12/urllib/request.py", line 532, in _open
    result = self._call_chain(self.handle_open, protocol, protocol +
             ^^^^^^^^^^^^^^^^^^^^^^^^^^^^^^^^^^^^^^^^^^^^^^^^^^^^^^^
  File "/usr/lib/python3.12/urllib/request.py", line 492, in _call_chain
    result = func(*args)
             ^^^^^^^^^^^
  File "/usr/lib/python3.12/urllib/request.py", line 1392, in https_open
    return self.do_open(http.client.HTTPSConnection, req,
           ^^^^^^^^^^^^^^^^^^^^^^^^^^^^^^^^^^^^^^^^^^^^^^
  File "/usr/lib/python3.12/urllib/request.py", line 1347, in do_open
    raise URLError(err)
urllib.error.URLError: <urlopen error [Errno 110] Connection timed out>
=== arniqa-spaq on heldout === 06:14
Downloading: "https://huggingface.co/chaofengc/IQA-PyTorch-Weights/resolve/main/regressor_spaq.pth" to /home/sergey/.cache/torch/hub/pyiqa/regressor_spaq.pth

Traceback (most recent call last):
  File "/usr/lib/python3.12/urllib/request.py", line 1344, in do_open
    h.request(req.get_method(), req.selector, req.data, headers,
  File "/usr/lib/python3.12/http/client.py", line 1365, in request
    self._send_request(method, url, body, headers, encode_chunked)
  File "/usr/lib/python3.12/http/client.py", line 1411, in _send_request
    self.endheaders(body, encode_chunked=encode_chunked)
  File "/usr/lib/python3.12/http/client.py", line 1360, in endheaders
    self._send_output(message_body, encode_chunked=encode_chunked)
  File "/usr/lib/python3.12/http/client.py", line 1120, in _send_output
    self.send(msg)
  File "/usr/lib/python3.12/http/client.py", line 1064, in send
    self.connect()
  File "/usr/lib/python3.12/http/client.py", line 1499, in connect
    super().connect()
  File "/usr/lib/python3.12/http/client.py", line 1030, in connect
    self.sock = self._create_connection(
                ^^^^^^^^^^^^^^^^^^^^^^^^
  File "/usr/lib/python3.12/socket.py", line 852, in create_connection
    raise exceptions[0]
  File "/usr/lib/python3.12/socket.py", line 837, in create_connection
    sock.connect(sa)
TimeoutError: [Errno 110] Connection timed out

During handling of the above exception, another exception occurred:

Traceback (most recent call last):
  File "/home/sergey/pareto-optimal/zhao/project-2-pareto-iqa/run_pyiqa.py", line 176, in <module>
    main()
  File "/home/sergey/pareto-optimal/zhao/project-2-pareto-iqa/run_pyiqa.py", line 54, in main
    metric = pyiqa.create_metric(args.metric, device=device)
             ^^^^^^^^^^^^^^^^^^^^^^^^^^^^^^^^^^^^^^^^^^^^^^^
  File "/home/sergey/pareto-optimal/zhao/project-2-pareto-iqa/.venv/lib/python3.12/site-packages/pyiqa/api_helpers.py", line 15, in create_metric
    metric = InferenceModel(metric_name, as_loss=as_loss, device=device, **kwargs)
             ^^^^^^^^^^^^^^^^^^^^^^^^^^^^^^^^^^^^^^^^^^^^^^^^^^^^^^^^^^^^^^^^^^^^^
  File "/home/sergey/pareto-optimal/zhao/project-2-pareto-iqa/.venv/lib/python3.12/site-packages/pyiqa/models/inference_model.py", line 67, in __init__
    self.net = build_network(net_opts)
               ^^^^^^^^^^^^^^^^^^^^^^^
  File "/home/sergey/pareto-optimal/zhao/project-2-pareto-iqa/.venv/lib/python3.12/site-packages/pyiqa/archs/__init__.py", line 80, in build_network
    net = ARCH_REGISTRY.get(network_type)(**opt)
          ^^^^^^^^^^^^^^^^^^^^^^^^^^^^^^^^^^^^^^
  File "/home/sergey/pareto-optimal/zhao/project-2-pareto-iqa/.venv/lib/python3.12/site-packages/pyiqa/archs/arniqa_arch.py", line 92, in __init__
    regressor_path = load_file_from_url(
                     ^^^^^^^^^^^^^^^^^^^
  File "/home/sergey/pareto-optimal/zhao/project-2-pareto-iqa/.venv/lib/python3.12/site-packages/pyiqa/utils/download_util.py", line 103, in load_file_from_url
    download_url_to_file(url, cached_file, hash_prefix=None, progress=progress)
  File "/home/sergey/pareto-optimal/zhao/project-2-pareto-iqa/.venv/lib/python3.12/site-packages/torch/hub.py", line 708, in download_url_to_file
    u = urlopen(req)
        ^^^^^^^^^^^^
  File "/usr/lib/python3.12/urllib/request.py", line 215, in urlopen
    return opener.open(url, data, timeout)
           ^^^^^^^^^^^^^^^^^^^^^^^^^^^^^^^
  File "/usr/lib/python3.12/urllib/request.py", line 515, in open
    response = self._open(req, data)
               ^^^^^^^^^^^^^^^^^^^^^
  File "/usr/lib/python3.12/urllib/request.py", line 532, in _open
    result = self._call_chain(self.handle_open, protocol, protocol +
             ^^^^^^^^^^^^^^^^^^^^^^^^^^^^^^^^^^^^^^^^^^^^^^^^^^^^^^^
  File "/usr/lib/python3.12/urllib/request.py", line 492, in _call_chain
    result = func(*args)
             ^^^^^^^^^^^
  File "/usr/lib/python3.12/urllib/request.py", line 1392, in https_open
    return self.do_open(http.client.HTTPSConnection, req,
           ^^^^^^^^^^^^^^^^^^^^^^^^^^^^^^^^^^^^^^^^^^^^^^
  File "/usr/lib/python3.12/urllib/request.py", line 1347, in do_open
    raise URLError(err)
urllib.error.URLError: <urlopen error [Errno 110] Connection timed out>
=== arniqa-clive on val === 06:18
Downloading: "https://huggingface.co/chaofengc/IQA-PyTorch-Weights/resolve/main/regressor_clive.pth" to /home/sergey/.cache/torch/hub/pyiqa/regressor_clive.pth

Traceback (most recent call last):
  File "/usr/lib/python3.12/urllib/request.py", line 1344, in do_open
    h.request(req.get_method(), req.selector, req.data, headers,
  File "/usr/lib/python3.12/http/client.py", line 1365, in request
    self._send_request(method, url, body, headers, encode_chunked)
  File "/usr/lib/python3.12/http/client.py", line 1411, in _send_request
    self.endheaders(body, encode_chunked=encode_chunked)
  File "/usr/lib/python3.12/http/client.py", line 1360, in endheaders
    self._send_output(message_body, encode_chunked=encode_chunked)
  File "/usr/lib/python3.12/http/client.py", line 1120, in _send_output
    self.send(msg)
  File "/usr/lib/python3.12/http/client.py", line 1064, in send
    self.connect()
  File "/usr/lib/python3.12/http/client.py", line 1499, in connect
    super().connect()
  File "/usr/lib/python3.12/http/client.py", line 1030, in connect
    self.sock = self._create_connection(
                ^^^^^^^^^^^^^^^^^^^^^^^^
  File "/usr/lib/python3.12/socket.py", line 852, in create_connection
    raise exceptions[0]
  File "/usr/lib/python3.12/socket.py", line 837, in create_connection
    sock.connect(sa)
TimeoutError: [Errno 110] Connection timed out

During handling of the above exception, another exception occurred:

Traceback (most recent call last):
  File "/home/sergey/pareto-optimal/zhao/project-2-pareto-iqa/run_pyiqa.py", line 176, in <module>
    main()
  File "/home/sergey/pareto-optimal/zhao/project-2-pareto-iqa/run_pyiqa.py", line 54, in main
    metric = pyiqa.create_metric(args.metric, device=device)
             ^^^^^^^^^^^^^^^^^^^^^^^^^^^^^^^^^^^^^^^^^^^^^^^
  File "/home/sergey/pareto-optimal/zhao/project-2-pareto-iqa/.venv/lib/python3.12/site-packages/pyiqa/api_helpers.py", line 15, in create_metric
    metric = InferenceModel(metric_name, as_loss=as_loss, device=device, **kwargs)
             ^^^^^^^^^^^^^^^^^^^^^^^^^^^^^^^^^^^^^^^^^^^^^^^^^^^^^^^^^^^^^^^^^^^^^
  File "/home/sergey/pareto-optimal/zhao/project-2-pareto-iqa/.venv/lib/python3.12/site-packages/pyiqa/models/inference_model.py", line 67, in __init__
    self.net = build_network(net_opts)
               ^^^^^^^^^^^^^^^^^^^^^^^
  File "/home/sergey/pareto-optimal/zhao/project-2-pareto-iqa/.venv/lib/python3.12/site-packages/pyiqa/archs/__init__.py", line 80, in build_network
    net = ARCH_REGISTRY.get(network_type)(**opt)
          ^^^^^^^^^^^^^^^^^^^^^^^^^^^^^^^^^^^^^^
  File "/home/sergey/pareto-optimal/zhao/project-2-pareto-iqa/.venv/lib/python3.12/site-packages/pyiqa/archs/arniqa_arch.py", line 92, in __init__
    regressor_path = load_file_from_url(
                     ^^^^^^^^^^^^^^^^^^^
  File "/home/sergey/pareto-optimal/zhao/project-2-pareto-iqa/.venv/lib/python3.12/site-packages/pyiqa/utils/download_util.py", line 103, in load_file_from_url
    download_url_to_file(url, cached_file, hash_prefix=None, progress=progress)
  File "/home/sergey/pareto-optimal/zhao/project-2-pareto-iqa/.venv/lib/python3.12/site-packages/torch/hub.py", line 708, in download_url_to_file
    u = urlopen(req)
        ^^^^^^^^^^^^
  File "/usr/lib/python3.12/urllib/request.py", line 215, in urlopen
    return opener.open(url, data, timeout)
           ^^^^^^^^^^^^^^^^^^^^^^^^^^^^^^^
  File "/usr/lib/python3.12/urllib/request.py", line 515, in open
    response = self._open(req, data)
               ^^^^^^^^^^^^^^^^^^^^^
  File "/usr/lib/python3.12/urllib/request.py", line 532, in _open
    result = self._call_chain(self.handle_open, protocol, protocol +
             ^^^^^^^^^^^^^^^^^^^^^^^^^^^^^^^^^^^^^^^^^^^^^^^^^^^^^^^
  File "/usr/lib/python3.12/urllib/request.py", line 492, in _call_chain
    result = func(*args)
             ^^^^^^^^^^^
  File "/usr/lib/python3.12/urllib/request.py", line 1392, in https_open
    return self.do_open(http.client.HTTPSConnection, req,
           ^^^^^^^^^^^^^^^^^^^^^^^^^^^^^^^^^^^^^^^^^^^^^^
  File "/usr/lib/python3.12/urllib/request.py", line 1347, in do_open
    raise URLError(err)
urllib.error.URLError: <urlopen error [Errno 110] Connection timed out>
=== arniqa-clive on heldout === 06:23
Downloading: "https://huggingface.co/chaofengc/IQA-PyTorch-Weights/resolve/main/regressor_clive.pth" to /home/sergey/.cache/torch/hub/pyiqa/regressor_clive.pth

Traceback (most recent call last):
  File "/usr/lib/python3.12/urllib/request.py", line 1344, in do_open
    h.request(req.get_method(), req.selector, req.data, headers,
  File "/usr/lib/python3.12/http/client.py", line 1365, in request
    self._send_request(method, url, body, headers, encode_chunked)
  File "/usr/lib/python3.12/http/client.py", line 1411, in _send_request
    self.endheaders(body, encode_chunked=encode_chunked)
  File "/usr/lib/python3.12/http/client.py", line 1360, in endheaders
    self._send_output(message_body, encode_chunked=encode_chunked)
  File "/usr/lib/python3.12/http/client.py", line 1120, in _send_output
    self.send(msg)
  File "/usr/lib/python3.12/http/client.py", line 1064, in send
    self.connect()
  File "/usr/lib/python3.12/http/client.py", line 1499, in connect
    super().connect()
  File "/usr/lib/python3.12/http/client.py", line 1030, in connect
    self.sock = self._create_connection(
                ^^^^^^^^^^^^^^^^^^^^^^^^
  File "/usr/lib/python3.12/socket.py", line 852, in create_connection
    raise exceptions[0]
  File "/usr/lib/python3.12/socket.py", line 837, in create_connection
    sock.connect(sa)
TimeoutError: [Errno 110] Connection timed out

During handling of the above exception, another exception occurred:

Traceback (most recent call last):
  File "/home/sergey/pareto-optimal/zhao/project-2-pareto-iqa/run_pyiqa.py", line 176, in <module>
    main()
  File "/home/sergey/pareto-optimal/zhao/project-2-pareto-iqa/run_pyiqa.py", line 54, in main
    metric = pyiqa.create_metric(args.metric, device=device)
             ^^^^^^^^^^^^^^^^^^^^^^^^^^^^^^^^^^^^^^^^^^^^^^^
  File "/home/sergey/pareto-optimal/zhao/project-2-pareto-iqa/.venv/lib/python3.12/site-packages/pyiqa/api_helpers.py", line 15, in create_metric
    metric = InferenceModel(metric_name, as_loss=as_loss, device=device, **kwargs)
             ^^^^^^^^^^^^^^^^^^^^^^^^^^^^^^^^^^^^^^^^^^^^^^^^^^^^^^^^^^^^^^^^^^^^^
  File "/home/sergey/pareto-optimal/zhao/project-2-pareto-iqa/.venv/lib/python3.12/site-packages/pyiqa/models/inference_model.py", line 67, in __init__
    self.net = build_network(net_opts)
               ^^^^^^^^^^^^^^^^^^^^^^^
  File "/home/sergey/pareto-optimal/zhao/project-2-pareto-iqa/.venv/lib/python3.12/site-packages/pyiqa/archs/__init__.py", line 80, in build_network
    net = ARCH_REGISTRY.get(network_type)(**opt)
          ^^^^^^^^^^^^^^^^^^^^^^^^^^^^^^^^^^^^^^
  File "/home/sergey/pareto-optimal/zhao/project-2-pareto-iqa/.venv/lib/python3.12/site-packages/pyiqa/archs/arniqa_arch.py", line 92, in __init__
    regressor_path = load_file_from_url(
                     ^^^^^^^^^^^^^^^^^^^
  File "/home/sergey/pareto-optimal/zhao/project-2-pareto-iqa/.venv/lib/python3.12/site-packages/pyiqa/utils/download_util.py", line 103, in load_file_from_url
    download_url_to_file(url, cached_file, hash_prefix=None, progress=progress)
  File "/home/sergey/pareto-optimal/zhao/project-2-pareto-iqa/.venv/lib/python3.12/site-packages/torch/hub.py", line 708, in download_url_to_file
    u = urlopen(req)
        ^^^^^^^^^^^^
  File "/usr/lib/python3.12/urllib/request.py", line 215, in urlopen
    return opener.open(url, data, timeout)
           ^^^^^^^^^^^^^^^^^^^^^^^^^^^^^^^
  File "/usr/lib/python3.12/urllib/request.py", line 515, in open
    response = self._open(req, data)
               ^^^^^^^^^^^^^^^^^^^^^
  File "/usr/lib/python3.12/urllib/request.py", line 532, in _open
    result = self._call_chain(self.handle_open, protocol, protocol +
             ^^^^^^^^^^^^^^^^^^^^^^^^^^^^^^^^^^^^^^^^^^^^^^^^^^^^^^^
  File "/usr/lib/python3.12/urllib/request.py", line 492, in _call_chain
    result = func(*args)
             ^^^^^^^^^^^
  File "/usr/lib/python3.12/urllib/request.py", line 1392, in https_open
    return self.do_open(http.client.HTTPSConnection, req,
           ^^^^^^^^^^^^^^^^^^^^^^^^^^^^^^^^^^^^^^^^^^^^^^
  File "/usr/lib/python3.12/urllib/request.py", line 1347, in do_open
    raise URLError(err)
urllib.error.URLError: <urlopen error [Errno 110] Connection timed out>
=== arniqa-csiq on val === 06:27
Downloading: "https://huggingface.co/chaofengc/IQA-PyTorch-Weights/resolve/main/regressor_csiq.pth" to /home/sergey/.cache/torch/hub/pyiqa/regressor_csiq.pth

Traceback (most recent call last):
  File "/usr/lib/python3.12/urllib/request.py", line 1344, in do_open
    h.request(req.get_method(), req.selector, req.data, headers,
  File "/usr/lib/python3.12/http/client.py", line 1365, in request
    self._send_request(method, url, body, headers, encode_chunked)
  File "/usr/lib/python3.12/http/client.py", line 1411, in _send_request
    self.endheaders(body, encode_chunked=encode_chunked)
  File "/usr/lib/python3.12/http/client.py", line 1360, in endheaders
    self._send_output(message_body, encode_chunked=encode_chunked)
  File "/usr/lib/python3.12/http/client.py", line 1120, in _send_output
    self.send(msg)
  File "/usr/lib/python3.12/http/client.py", line 1064, in send
    self.connect()
  File "/usr/lib/python3.12/http/client.py", line 1499, in connect
    super().connect()
  File "/usr/lib/python3.12/http/client.py", line 1030, in connect
    self.sock = self._create_connection(
                ^^^^^^^^^^^^^^^^^^^^^^^^
  File "/usr/lib/python3.12/socket.py", line 852, in create_connection
    raise exceptions[0]
  File "/usr/lib/python3.12/socket.py", line 837, in create_connection
    sock.connect(sa)
TimeoutError: [Errno 110] Connection timed out

During handling of the above exception, another exception occurred:

Traceback (most recent call last):
  File "/home/sergey/pareto-optimal/zhao/project-2-pareto-iqa/run_pyiqa.py", line 176, in <module>
    main()
  File "/home/sergey/pareto-optimal/zhao/project-2-pareto-iqa/run_pyiqa.py", line 54, in main
    metric = pyiqa.create_metric(args.metric, device=device)
             ^^^^^^^^^^^^^^^^^^^^^^^^^^^^^^^^^^^^^^^^^^^^^^^
  File "/home/sergey/pareto-optimal/zhao/project-2-pareto-iqa/.venv/lib/python3.12/site-packages/pyiqa/api_helpers.py", line 15, in create_metric
    metric = InferenceModel(metric_name, as_loss=as_loss, device=device, **kwargs)
             ^^^^^^^^^^^^^^^^^^^^^^^^^^^^^^^^^^^^^^^^^^^^^^^^^^^^^^^^^^^^^^^^^^^^^
  File "/home/sergey/pareto-optimal/zhao/project-2-pareto-iqa/.venv/lib/python3.12/site-packages/pyiqa/models/inference_model.py", line 67, in __init__
    self.net = build_network(net_opts)
               ^^^^^^^^^^^^^^^^^^^^^^^
  File "/home/sergey/pareto-optimal/zhao/project-2-pareto-iqa/.venv/lib/python3.12/site-packages/pyiqa/archs/__init__.py", line 80, in build_network
    net = ARCH_REGISTRY.get(network_type)(**opt)
          ^^^^^^^^^^^^^^^^^^^^^^^^^^^^^^^^^^^^^^
  File "/home/sergey/pareto-optimal/zhao/project-2-pareto-iqa/.venv/lib/python3.12/site-packages/pyiqa/archs/arniqa_arch.py", line 92, in __init__
    regressor_path = load_file_from_url(
                     ^^^^^^^^^^^^^^^^^^^
  File "/home/sergey/pareto-optimal/zhao/project-2-pareto-iqa/.venv/lib/python3.12/site-packages/pyiqa/utils/download_util.py", line 103, in load_file_from_url
    download_url_to_file(url, cached_file, hash_prefix=None, progress=progress)
  File "/home/sergey/pareto-optimal/zhao/project-2-pareto-iqa/.venv/lib/python3.12/site-packages/torch/hub.py", line 708, in download_url_to_file
    u = urlopen(req)
        ^^^^^^^^^^^^
  File "/usr/lib/python3.12/urllib/request.py", line 215, in urlopen
    return opener.open(url, data, timeout)
           ^^^^^^^^^^^^^^^^^^^^^^^^^^^^^^^
  File "/usr/lib/python3.12/urllib/request.py", line 515, in open
    response = self._open(req, data)
               ^^^^^^^^^^^^^^^^^^^^^
  File "/usr/lib/python3.12/urllib/request.py", line 532, in _open
    result = self._call_chain(self.handle_open, protocol, protocol +
             ^^^^^^^^^^^^^^^^^^^^^^^^^^^^^^^^^^^^^^^^^^^^^^^^^^^^^^^
  File "/usr/lib/python3.12/urllib/request.py", line 492, in _call_chain
    result = func(*args)
             ^^^^^^^^^^^
  File "/usr/lib/python3.12/urllib/request.py", line 1392, in https_open
    return self.do_open(http.client.HTTPSConnection, req,
           ^^^^^^^^^^^^^^^^^^^^^^^^^^^^^^^^^^^^^^^^^^^^^^
  File "/usr/lib/python3.12/urllib/request.py", line 1347, in do_open
    raise URLError(err)
urllib.error.URLError: <urlopen error [Errno 110] Connection timed out>
=== arniqa-csiq on heldout === 06:32
Downloading: "https://huggingface.co/chaofengc/IQA-PyTorch-Weights/resolve/main/regressor_csiq.pth" to /home/sergey/.cache/torch/hub/pyiqa/regressor_csiq.pth

Traceback (most recent call last):
  File "/usr/lib/python3.12/urllib/request.py", line 1344, in do_open
    h.request(req.get_method(), req.selector, req.data, headers,
  File "/usr/lib/python3.12/http/client.py", line 1365, in request
    self._send_request(method, url, body, headers, encode_chunked)
  File "/usr/lib/python3.12/http/client.py", line 1411, in _send_request
    self.endheaders(body, encode_chunked=encode_chunked)
  File "/usr/lib/python3.12/http/client.py", line 1360, in endheaders
    self._send_output(message_body, encode_chunked=encode_chunked)
  File "/usr/lib/python3.12/http/client.py", line 1120, in _send_output
    self.send(msg)
  File "/usr/lib/python3.12/http/client.py", line 1064, in send
    self.connect()
  File "/usr/lib/python3.12/http/client.py", line 1499, in connect
    super().connect()
  File "/usr/lib/python3.12/http/client.py", line 1030, in connect
    self.sock = self._create_connection(
                ^^^^^^^^^^^^^^^^^^^^^^^^
  File "/usr/lib/python3.12/socket.py", line 852, in create_connection
    raise exceptions[0]
  File "/usr/lib/python3.12/socket.py", line 837, in create_connection
    sock.connect(sa)
TimeoutError: [Errno 110] Connection timed out

During handling of the above exception, another exception occurred:

Traceback (most recent call last):
  File "/home/sergey/pareto-optimal/zhao/project-2-pareto-iqa/run_pyiqa.py", line 176, in <module>
    main()
  File "/home/sergey/pareto-optimal/zhao/project-2-pareto-iqa/run_pyiqa.py", line 54, in main
    metric = pyiqa.create_metric(args.metric, device=device)
             ^^^^^^^^^^^^^^^^^^^^^^^^^^^^^^^^^^^^^^^^^^^^^^^
  File "/home/sergey/pareto-optimal/zhao/project-2-pareto-iqa/.venv/lib/python3.12/site-packages/pyiqa/api_helpers.py", line 15, in create_metric
    metric = InferenceModel(metric_name, as_loss=as_loss, device=device, **kwargs)
             ^^^^^^^^^^^^^^^^^^^^^^^^^^^^^^^^^^^^^^^^^^^^^^^^^^^^^^^^^^^^^^^^^^^^^
  File "/home/sergey/pareto-optimal/zhao/project-2-pareto-iqa/.venv/lib/python3.12/site-packages/pyiqa/models/inference_model.py", line 67, in __init__
    self.net = build_network(net_opts)
               ^^^^^^^^^^^^^^^^^^^^^^^
  File "/home/sergey/pareto-optimal/zhao/project-2-pareto-iqa/.venv/lib/python3.12/site-packages/pyiqa/archs/__init__.py", line 80, in build_network
    net = ARCH_REGISTRY.get(network_type)(**opt)
          ^^^^^^^^^^^^^^^^^^^^^^^^^^^^^^^^^^^^^^
  File "/home/sergey/pareto-optimal/zhao/project-2-pareto-iqa/.venv/lib/python3.12/site-packages/pyiqa/archs/arniqa_arch.py", line 92, in __init__
    regressor_path = load_file_from_url(
                     ^^^^^^^^^^^^^^^^^^^
  File "/home/sergey/pareto-optimal/zhao/project-2-pareto-iqa/.venv/lib/python3.12/site-packages/pyiqa/utils/download_util.py", line 103, in load_file_from_url
    download_url_to_file(url, cached_file, hash_prefix=None, progress=progress)
  File "/home/sergey/pareto-optimal/zhao/project-2-pareto-iqa/.venv/lib/python3.12/site-packages/torch/hub.py", line 708, in download_url_to_file
    u = urlopen(req)
        ^^^^^^^^^^^^
  File "/usr/lib/python3.12/urllib/request.py", line 215, in urlopen
    return opener.open(url, data, timeout)
           ^^^^^^^^^^^^^^^^^^^^^^^^^^^^^^^
  File "/usr/lib/python3.12/urllib/request.py", line 515, in open
    response = self._open(req, data)
               ^^^^^^^^^^^^^^^^^^^^^
  File "/usr/lib/python3.12/urllib/request.py", line 532, in _open
    result = self._call_chain(self.handle_open, protocol, protocol +
             ^^^^^^^^^^^^^^^^^^^^^^^^^^^^^^^^^^^^^^^^^^^^^^^^^^^^^^^
  File "/usr/lib/python3.12/urllib/request.py", line 492, in _call_chain
    result = func(*args)
             ^^^^^^^^^^^
  File "/usr/lib/python3.12/urllib/request.py", line 1392, in https_open
    return self.do_open(http.client.HTTPSConnection, req,
           ^^^^^^^^^^^^^^^^^^^^^^^^^^^^^^^^^^^^^^^^^^^^^^
  File "/usr/lib/python3.12/urllib/request.py", line 1347, in do_open
    raise URLError(err)
urllib.error.URLError: <urlopen error [Errno 110] Connection timed out>
=== arniqa-tid on val === 06:37
Downloading: "https://huggingface.co/chaofengc/IQA-PyTorch-Weights/resolve/main/regressor_tid2013.pth" to /home/sergey/.cache/torch/hub/pyiqa/regressor_tid2013.pth

Traceback (most recent call last):
  File "/usr/lib/python3.12/urllib/request.py", line 1344, in do_open
    h.request(req.get_method(), req.selector, req.data, headers,
  File "/usr/lib/python3.12/http/client.py", line 1365, in request
    self._send_request(method, url, body, headers, encode_chunked)
  File "/usr/lib/python3.12/http/client.py", line 1411, in _send_request
    self.endheaders(body, encode_chunked=encode_chunked)
  File "/usr/lib/python3.12/http/client.py", line 1360, in endheaders
    self._send_output(message_body, encode_chunked=encode_chunked)
  File "/usr/lib/python3.12/http/client.py", line 1120, in _send_output
    self.send(msg)
  File "/usr/lib/python3.12/http/client.py", line 1064, in send
    self.connect()
  File "/usr/lib/python3.12/http/client.py", line 1499, in connect
    super().connect()
  File "/usr/lib/python3.12/http/client.py", line 1030, in connect
    self.sock = self._create_connection(
                ^^^^^^^^^^^^^^^^^^^^^^^^
  File "/usr/lib/python3.12/socket.py", line 852, in create_connection
    raise exceptions[0]
  File "/usr/lib/python3.12/socket.py", line 837, in create_connection
    sock.connect(sa)
TimeoutError: [Errno 110] Connection timed out

During handling of the above exception, another exception occurred:

Traceback (most recent call last):
  File "/home/sergey/pareto-optimal/zhao/project-2-pareto-iqa/run_pyiqa.py", line 176, in <module>
    main()
  File "/home/sergey/pareto-optimal/zhao/project-2-pareto-iqa/run_pyiqa.py", line 54, in main
    metric = pyiqa.create_metric(args.metric, device=device)
             ^^^^^^^^^^^^^^^^^^^^^^^^^^^^^^^^^^^^^^^^^^^^^^^
  File "/home/sergey/pareto-optimal/zhao/project-2-pareto-iqa/.venv/lib/python3.12/site-packages/pyiqa/api_helpers.py", line 15, in create_metric
    metric = InferenceModel(metric_name, as_loss=as_loss, device=device, **kwargs)
             ^^^^^^^^^^^^^^^^^^^^^^^^^^^^^^^^^^^^^^^^^^^^^^^^^^^^^^^^^^^^^^^^^^^^^
  File "/home/sergey/pareto-optimal/zhao/project-2-pareto-iqa/.venv/lib/python3.12/site-packages/pyiqa/models/inference_model.py", line 67, in __init__
    self.net = build_network(net_opts)
               ^^^^^^^^^^^^^^^^^^^^^^^
  File "/home/sergey/pareto-optimal/zhao/project-2-pareto-iqa/.venv/lib/python3.12/site-packages/pyiqa/archs/__init__.py", line 80, in build_network
    net = ARCH_REGISTRY.get(network_type)(**opt)
          ^^^^^^^^^^^^^^^^^^^^^^^^^^^^^^^^^^^^^^
  File "/home/sergey/pareto-optimal/zhao/project-2-pareto-iqa/.venv/lib/python3.12/site-packages/pyiqa/archs/arniqa_arch.py", line 92, in __init__
    regressor_path = load_file_from_url(
                     ^^^^^^^^^^^^^^^^^^^
  File "/home/sergey/pareto-optimal/zhao/project-2-pareto-iqa/.venv/lib/python3.12/site-packages/pyiqa/utils/download_util.py", line 103, in load_file_from_url
    download_url_to_file(url, cached_file, hash_prefix=None, progress=progress)
  File "/home/sergey/pareto-optimal/zhao/project-2-pareto-iqa/.venv/lib/python3.12/site-packages/torch/hub.py", line 708, in download_url_to_file
    u = urlopen(req)
        ^^^^^^^^^^^^
  File "/usr/lib/python3.12/urllib/request.py", line 215, in urlopen
    return opener.open(url, data, timeout)
           ^^^^^^^^^^^^^^^^^^^^^^^^^^^^^^^
  File "/usr/lib/python3.12/urllib/request.py", line 515, in open
    response = self._open(req, data)
               ^^^^^^^^^^^^^^^^^^^^^
  File "/usr/lib/python3.12/urllib/request.py", line 532, in _open
    result = self._call_chain(self.handle_open, protocol, protocol +
             ^^^^^^^^^^^^^^^^^^^^^^^^^^^^^^^^^^^^^^^^^^^^^^^^^^^^^^^
  File "/usr/lib/python3.12/urllib/request.py", line 492, in _call_chain
    result = func(*args)
             ^^^^^^^^^^^
  File "/usr/lib/python3.12/urllib/request.py", line 1392, in https_open
    return self.do_open(http.client.HTTPSConnection, req,
           ^^^^^^^^^^^^^^^^^^^^^^^^^^^^^^^^^^^^^^^^^^^^^^
  File "/usr/lib/python3.12/urllib/request.py", line 1347, in do_open
    raise URLError(err)
urllib.error.URLError: <urlopen error [Errno 110] Connection timed out>
=== arniqa-tid on heldout === 06:41
Downloading: "https://huggingface.co/chaofengc/IQA-PyTorch-Weights/resolve/main/regressor_tid2013.pth" to /home/sergey/.cache/torch/hub/pyiqa/regressor_tid2013.pth

Traceback (most recent call last):
  File "/usr/lib/python3.12/urllib/request.py", line 1344, in do_open
    h.request(req.get_method(), req.selector, req.data, headers,
  File "/usr/lib/python3.12/http/client.py", line 1365, in request
    self._send_request(method, url, body, headers, encode_chunked)
  File "/usr/lib/python3.12/http/client.py", line 1411, in _send_request
    self.endheaders(body, encode_chunked=encode_chunked)
  File "/usr/lib/python3.12/http/client.py", line 1360, in endheaders
    self._send_output(message_body, encode_chunked=encode_chunked)
  File "/usr/lib/python3.12/http/client.py", line 1120, in _send_output
    self.send(msg)
  File "/usr/lib/python3.12/http/client.py", line 1064, in send
    self.connect()
  File "/usr/lib/python3.12/http/client.py", line 1499, in connect
    super().connect()
  File "/usr/lib/python3.12/http/client.py", line 1030, in connect
    self.sock = self._create_connection(
                ^^^^^^^^^^^^^^^^^^^^^^^^
  File "/usr/lib/python3.12/socket.py", line 852, in create_connection
    raise exceptions[0]
  File "/usr/lib/python3.12/socket.py", line 837, in create_connection
    sock.connect(sa)
TimeoutError: [Errno 110] Connection timed out

During handling of the above exception, another exception occurred:

Traceback (most recent call last):
  File "/home/sergey/pareto-optimal/zhao/project-2-pareto-iqa/run_pyiqa.py", line 176, in <module>
    main()
  File "/home/sergey/pareto-optimal/zhao/project-2-pareto-iqa/run_pyiqa.py", line 54, in main
    metric = pyiqa.create_metric(args.metric, device=device)
             ^^^^^^^^^^^^^^^^^^^^^^^^^^^^^^^^^^^^^^^^^^^^^^^
  File "/home/sergey/pareto-optimal/zhao/project-2-pareto-iqa/.venv/lib/python3.12/site-packages/pyiqa/api_helpers.py", line 15, in create_metric
    metric = InferenceModel(metric_name, as_loss=as_loss, device=device, **kwargs)
             ^^^^^^^^^^^^^^^^^^^^^^^^^^^^^^^^^^^^^^^^^^^^^^^^^^^^^^^^^^^^^^^^^^^^^
  File "/home/sergey/pareto-optimal/zhao/project-2-pareto-iqa/.venv/lib/python3.12/site-packages/pyiqa/models/inference_model.py", line 67, in __init__
    self.net = build_network(net_opts)
               ^^^^^^^^^^^^^^^^^^^^^^^
  File "/home/sergey/pareto-optimal/zhao/project-2-pareto-iqa/.venv/lib/python3.12/site-packages/pyiqa/archs/__init__.py", line 80, in build_network
    net = ARCH_REGISTRY.get(network_type)(**opt)
          ^^^^^^^^^^^^^^^^^^^^^^^^^^^^^^^^^^^^^^
  File "/home/sergey/pareto-optimal/zhao/project-2-pareto-iqa/.venv/lib/python3.12/site-packages/pyiqa/archs/arniqa_arch.py", line 92, in __init__
    regressor_path = load_file_from_url(
                     ^^^^^^^^^^^^^^^^^^^
  File "/home/sergey/pareto-optimal/zhao/project-2-pareto-iqa/.venv/lib/python3.12/site-packages/pyiqa/utils/download_util.py", line 103, in load_file_from_url
    download_url_to_file(url, cached_file, hash_prefix=None, progress=progress)
  File "/home/sergey/pareto-optimal/zhao/project-2-pareto-iqa/.venv/lib/python3.12/site-packages/torch/hub.py", line 708, in download_url_to_file
    u = urlopen(req)
        ^^^^^^^^^^^^
  File "/usr/lib/python3.12/urllib/request.py", line 215, in urlopen
    return opener.open(url, data, timeout)
           ^^^^^^^^^^^^^^^^^^^^^^^^^^^^^^^
  File "/usr/lib/python3.12/urllib/request.py", line 515, in open
    response = self._open(req, data)
               ^^^^^^^^^^^^^^^^^^^^^
  File "/usr/lib/python3.12/urllib/request.py", line 532, in _open
    result = self._call_chain(self.handle_open, protocol, protocol +
             ^^^^^^^^^^^^^^^^^^^^^^^^^^^^^^^^^^^^^^^^^^^^^^^^^^^^^^^
  File "/usr/lib/python3.12/urllib/request.py", line 492, in _call_chain
    result = func(*args)
             ^^^^^^^^^^^
  File "/usr/lib/python3.12/urllib/request.py", line 1392, in https_open
    return self.do_open(http.client.HTTPSConnection, req,
           ^^^^^^^^^^^^^^^^^^^^^^^^^^^^^^^^^^^^^^^^^^^^^^
  File "/usr/lib/python3.12/urllib/request.py", line 1347, in do_open
    raise URLError(err)
urllib.error.URLError: <urlopen error [Errno 110] Connection timed out>
### queue finished 06:46
