=== clipiqa+_rn50_512 on val === 08:26
Loading pretrained model CLIPIQA from /home/sergey/.cache/torch/hub/pyiqa/CLIPIQA%2B_RN50_512-89f5d940.pth
clipiqa+_rn50_512 on 6240 images from the val split, native resolution (higher is better)
  0/6240
  500/6240
  1000/6240
  1500/6240
  2000/6240
  2500/6240
  3000/6240
  3500/6240
  4000/6240
  4500/6240
  5000/6240
  5500/6240
  6000/6240

  6 images could not be scored and are excluded:
    /home/sergey/iqa-data/spaq/SPAQ/TestImage/00561.jpg: CUDA out of memory. Tried to allocate 1.35 GiB. GPU 0 has a total capacity of 44.31 GiB of which 978.38 MiB is free. Process 2823431 has 1.12 GiB memory in use. Process 2827631 has 15.93 GiB memory in use. Including non-PyTorch memory, this process has 7.18 GiB memory in use. Process 2889338 has 19.10 GiB memory in use. Of the allocated memory 4.26 GiB is allocated by PyTorch, and 2.42 GiB is reserved by PyTorch but unallocated. If reserved but unallocated memory is large try setting PYTORCH_CUDA_ALLOC_CONF=expandable_segments:True to avoid fragmentation.  See documentation for Memory Management  (https://pytorch.org/docs/stable/notes/cuda.html#environment-variables)
    /home/sergey/iqa-data/spaq/SPAQ/TestImage/00579.jpg: CUDA out of memory. Tried to allocate 1.35 GiB. GPU 0 has a total capacity of 44.31 GiB of which 978.38 MiB is free. Process 2823431 has 1.12 GiB memory in use. Process 2827631 has 15.93 GiB memory in use. Including non-PyTorch memory, this process has 7.18 GiB memory in use. Process 2889338 has 19.10 GiB memory in use. Of the allocated memory 4.26 GiB is allocated by PyTorch, and 2.42 GiB is reserved by PyTorch but unallocated. If reserved but unallocated memory is large try setting PYTORCH_CUDA_ALLOC_CONF=expandable_segments:True to avoid fragmentation.  See documentation for Memory Management  (https://pytorch.org/docs/stable/notes/cuda.html#environment-variables)
    /home/sergey/iqa-data/spaq/SPAQ/TestImage/00743.jpg: CUDA out of memory. Tried to allocate 1.35 GiB. GPU 0 has a total capacity of 44.31 GiB of which 978.38 MiB is free. Process 2823431 has 1.12 GiB memory in use. Process 2827631 has 15.93 GiB memory in use. Including non-PyTorch memory, this process has 7.18 GiB memory in use. Process 2889338 has 19.10 GiB memory in use. Of the allocated memory 4.26 GiB is allocated by PyTorch, and 2.42 GiB is reserved by PyTorch but unallocated. If reserved but unallocated memory is large try setting PYTORCH_CUDA_ALLOC_CONF=expandable_segments:True to avoid fragmentation.  See documentation for Memory Management  (https://pytorch.org/docs/stable/notes/cuda.html#environment-variables)
    /home/sergey/iqa-data/spaq/SPAQ/TestImage/00845.jpg: CUDA out of memory. Tried to allocate 1.35 GiB. GPU 0 has a total capacity of 44.31 GiB of which 978.38 MiB is free. Process 2823431 has 1.12 GiB memory in use. Process 2827631 has 15.93 GiB memory in use. Including non-PyTorch memory, this process has 7.18 GiB memory in use. Process 2889338 has 19.10 GiB memory in use. Of the allocated memory 4.26 GiB is allocated by PyTorch, and 2.42 GiB is reserved by PyTorch but unallocated. If reserved but unallocated memory is large try setting PYTORCH_CUDA_ALLOC_CONF=expandable_segments:True to avoid fragmentation.  See documentation for Memory Management  (https://pytorch.org/docs/stable/notes/cuda.html#environment-variables)
    /home/sergey/iqa-data/spaq/SPAQ/TestImage/00861.jpg: CUDA out of memory. Tried to allocate 1.35 GiB. GPU 0 has a total capacity of 44.31 GiB of which 978.38 MiB is free. Process 2823431 has 1.12 GiB memory in use. Process 2827631 has 15.93 GiB memory in use. Including non-PyTorch memory, this process has 7.18 GiB memory in use. Process 2889338 has 19.10 GiB memory in use. Of the allocated memory 4.26 GiB is allocated by PyTorch, and 2.42 GiB is reserved by PyTorch but unallocated. If reserved but unallocated memory is large try setting PYTORCH_CUDA_ALLOC_CONF=expandable_segments:True to avoid fragmentation.  See documentation for Memory Management  (https://pytorch.org/docs/stable/notes/cuda.html#environment-variables)
    ... and 1 more

    kadid10k       n   2000   SRCC 0.5880   PLCC 0.5996
    koniq10k       n   2015   SRCC 0.8639   PLCC 0.8496
    spaq           n   2219   SRCC 0.3522   PLCC 0.3532
    macro                     SRCC 0.6013   PLCC 0.6008   worst 0.3522 on spaq
    within-ref                SRCC 0.6696   (16 references)

  latency batch 1     309.9 ms p50, 409.6 ms p95
  throughput          0.6 img/s (the scoring loop, one image at a time, including image loading)
  parameters          16,384

per-image scores -> clipiqa+_rn50_512_val.csv
=== clipiqa+_rn50_512 on heldout === 11:29
Loading pretrained model CLIPIQA from /home/sergey/.cache/torch/hub/pyiqa/CLIPIQA%2B_RN50_512-89f5d940.pth
clipiqa+_rn50_512 on 8010 images from the val split, native resolution (higher is better)
  0/8010
  500/8010
  1000/8010
  1500/8010
  2000/8010
  2500/8010
  3000/8010
  3500/8010
  4000/8010
  4500/8010
  5000/8010
  5500/8010
  6000/8010
  6500/8010
  7000/8010
  7500/8010
  8000/8010

    agiqa3k        n   2982   SRCC 0.6869   PLCC 0.7276
    clive          n   1162   SRCC 0.8180   PLCC 0.8181
    csiq           n    866   SRCC 0.6940   PLCC 0.6788
    tid2013        n   3000   SRCC 0.5949   PLCC 0.6577
    macro                     SRCC 0.7023   PLCC 0.7182   worst 0.5949 on tid2013   (agiqa3k excluded)
    within-ref                SRCC 0.6853   (354 references)

  latency batch 1     237.6 ms p50, 397.1 ms p95
  throughput          3.0 img/s (the scoring loop, one image at a time, including image loading)
  parameters          16,384

per-image scores -> clipiqa+_rn50_512_heldout.csv
=== clipiqa+_vitL14_512 on val === 12:14
Loading pretrained model CLIPIQA from /home/sergey/.cache/torch/hub/pyiqa/CLIPIQA%2B_ViTL14_512-e66488f2.pth
clipiqa+_vitL14_512 on 6240 images from the val split, native resolution (higher is better)
  0/6240
  500/6240
  1000/6240
  1500/6240
  2000/6240
  2500/6240
  3000/6240
  3500/6240
  4000/6240
  4500/6240
  5000/6240
  5500/6240
  6000/6240
