=== brisque on val ===
brisque on 6240 images from the val split, longer side <= 224px (lower is better)
  0/6240
  500/6240
  1000/6240
  1500/6240
  2000/6240
  2500/6240
  3000/6240
  3500/6240
  4000/6240
  4500/6240
  5000/6240
  5500/6240
  6000/6240

    kadid10k       n   2000   SRCC 0.1285   PLCC 0.1518
    koniq10k       n   2015   SRCC 0.1966   PLCC 0.1684
    spaq           n   2225   SRCC 0.4803   PLCC 0.4560
    macro                     SRCC 0.2684   PLCC 0.2587   worst 0.1285 on kadid10k
    within-ref                SRCC 0.2145   (16 references)

  latency batch 1     9.9 ms p50, 34.8 ms p95
  throughput          11.2 img/s (the scoring loop, one image at a time, including image loading)

per-image scores -> brisque_val_224.csv
=== brisque on heldout ===
brisque on 8010 images from the val split, longer side <= 224px (lower is better)
  0/8010
  500/8010
  1000/8010
  1500/8010
  2000/8010
  2500/8010
  3000/8010
  3500/8010
  4000/8010
  4500/8010
  5000/8010
  5500/8010
  6000/8010
  6500/8010
  7000/8010
  7500/8010
  8000/8010

  3 images could not be scored and are excluded:
    /home/sergey/iqa-data/agiqa3k/DALLE2_normal_253.jpg: Expected image with non zero variance of pixel values
    /home/sergey/iqa-data/agiqa3k/glide_normal_101.jpg: Expected image with non zero variance of pixel values
    /home/sergey/iqa-data/agiqa3k/glide_normal_263.jpg: Expected image with non zero variance of pixel values

    agiqa3k        n   2979   SRCC 0.3219   PLCC 0.4083
    clive          n   1162   SRCC 0.2617   PLCC 0.2639
    csiq           n    866   SRCC 0.4286   PLCC 0.6345
    tid2013        n   3000   SRCC 0.3294   PLCC 0.4513
    macro                     SRCC 0.3399   PLCC 0.4499   worst 0.2617 on clive   (agiqa3k excluded)
    within-ref                SRCC 0.3301   (354 references)

  latency batch 1     9.8 ms p50, 47.1 ms p95
  throughput          27.1 img/s (the scoring loop, one image at a time, including image loading)

per-image scores -> brisque_heldout_224.csv
=== niqe on val ===
niqe on 6240 images from the val split, longer side <= 224px (lower is better)
  0/6240
  500/6240
  1000/6240
  1500/6240
  2000/6240
  2500/6240
  3000/6240
  3500/6240
  4000/6240
  4500/6240
  5000/6240
  5500/6240
  6000/6240

    kadid10k       n   2000   SRCC 0.1001   PLCC 0.1664
    koniq10k       n   2015   SRCC 0.1140   PLCC 0.0481
    spaq           n   2225   SRCC 0.3388   PLCC 0.2196
    macro                     SRCC 0.1843   PLCC 0.1447   worst 0.1001 on kadid10k
    within-ref                SRCC 0.1496   (16 references)

  latency batch 1     116.8 ms p50, 128.5 ms p95
  throughput          4.8 img/s (the scoring loop, one image at a time, including image loading)

per-image scores -> niqe_val_224.csv
=== niqe on heldout ===
niqe on 8010 images from the val split, longer side <= 224px (lower is better)
  0/8010
  500/8010
  1000/8010
  1500/8010
  2000/8010
  2500/8010
  3000/8010
  3500/8010
  4000/8010
  4500/8010
  5000/8010
  5500/8010
/home/sergey/pareto-optimal/zhao/project-2-pareto-iqa/.venv/lib/python3.12/site-packages/pyiqa/matlab_utils/functions.py:173: UserWarning: cov(): degrees of freedom is <= 0. Correction should be strictly less than the number of observations. (Triggered internally at /pytorch/aten/src/ATen/native/Correlation.cpp:116.)
  return torch.cov(tensor, correction=correction)
/home/sergey/pareto-optimal/zhao/project-2-pareto-iqa/.venv/lib/python3.12/site-packages/pyiqa/archs/niqe_arch.py:161: UserWarning: torch.linalg.svd: During SVD computation with the selected cusolver driver, batches 0 failed to converge. A more accurate method will be used to compute the SVD as a fallback. Check doc at https://pytorch.org/docs/stable/generated/torch.linalg.svd.html (Triggered internally at /pytorch/aten/src/ATen/native/cuda/linalg/BatchLinearAlgebraLib.cpp:690.)
  invcov_param = torch.linalg.pinv((cov_pris_param + cov_distparam) / 2)
  6000/8010
  6500/8010
  7000/8010
  7500/8010
  8000/8010

  3 images could not be scored and are excluded:
    /home/sergey/iqa-data/agiqa3k/DALLE2_normal_253.jpg: linalg.svd: (Batch element 0): The algorithm failed to converge because the input matrix is ill-conditioned or has too many repeated singular values (error code: 36).
    /home/sergey/iqa-data/agiqa3k/glide_normal_101.jpg: linalg.svd: (Batch element 0): The algorithm failed to converge because the input matrix is ill-conditioned or has too many repeated singular values (error code: 36).
    /home/sergey/iqa-data/agiqa3k/glide_normal_263.jpg: linalg.svd: (Batch element 0): The algorithm failed to converge because the input matrix is ill-conditioned or has too many repeated singular values (error code: 36).

    agiqa3k        n   2979   SRCC 0.2971   PLCC 0.3404
    clive          n   1162   SRCC 0.2559   PLCC 0.2341
    csiq           n    866   SRCC 0.3233   PLCC 0.4928
    tid2013        n   3000   SRCC 0.1619   PLCC 0.2359
    macro                     SRCC 0.2471   PLCC 0.3209   worst 0.1619 on tid2013   (agiqa3k excluded)
    within-ref                SRCC 0.2561   (354 references)

  latency batch 1     66.5 ms p50, 108.4 ms p95
  throughput          15.9 img/s (the scoring loop, one image at a time, including image loading)

per-image scores -> niqe_heldout_224.csv
=== clipiqa on val ===
clipiqa on 6240 images from the val split, longer side <= 224px (higher is better)
  0/6240
  500/6240
  1000/6240
  1500/6240
  2000/6240
  2500/6240
  3000/6240
  3500/6240
  4000/6240
  4500/6240
  5000/6240
  5500/6240
  6000/6240

    kadid10k       n   2000   SRCC 0.4417   PLCC 0.4728
    koniq10k       n   2015   SRCC 0.3980   PLCC 0.4492
    spaq           n   2225   SRCC 0.6176   PLCC 0.6126
    macro                     SRCC 0.4858   PLCC 0.5115   worst 0.3980 on koniq10k
    within-ref                SRCC 0.5851   (16 references)

  latency batch 1     27.6 ms p50, 30.5 ms p95
  throughput          13.6 img/s (the scoring loop, one image at a time, including image loading)

per-image scores -> clipiqa_val_224.csv
=== clipiqa on heldout ===
clipiqa on 8010 images from the val split, longer side <= 224px (higher is better)
  0/8010
  500/8010
  1000/8010
  1500/8010
  2000/8010
  2500/8010
  3000/8010
  3500/8010
  4000/8010
  4500/8010
  5000/8010
  5500/8010
  6000/8010
  6500/8010
  7000/8010
  7500/8010
  8000/8010

    agiqa3k        n   2982   SRCC 0.5755   PLCC 0.6271
    clive          n   1162   SRCC 0.6042   PLCC 0.6271
    csiq           n    866   SRCC 0.6053   PLCC 0.6897
    tid2013        n   3000   SRCC 0.4919   PLCC 0.5723
    macro                     SRCC 0.5671   PLCC 0.6297   worst 0.4919 on tid2013   (agiqa3k excluded)
    within-ref                SRCC 0.5968   (354 references)

  latency batch 1     28.6 ms p50, 52.9 ms p95
  throughput          30.1 img/s (the scoring loop, one image at a time, including image loading)

per-image scores -> clipiqa_heldout_224.csv
