every row at 224px on cuda, batch 16 for throughput

arniqa
  FLOPs per image     10.3 G
  latency batch 1     6.5 ms p50, 8.3 ms p95
  throughput          2145.2 img/s
  peak memory         282 MB
  parameters          23,512,129

Loading pretrained model LIQE from /home/sergey/.cache/torch/hub/pyiqa/liqe_koniq.pt
liqe
  FLOPs per image     8.8 G
  latency batch 1     3.4 ms p50, 3.5 ms p95
  throughput          2234.2 img/s
  peak memory         646 MB
  parameters          151,277,313

clipiqa
  FLOPs per image     71.8 G
  latency batch 1     8.6 ms p50, 9.6 ms p95
  throughput          1318.9 img/s
  peak memory         595 MB

clipiqa+
  FLOPs per image     24.1 G
  latency batch 1     9.3 ms p50, 10.1 ms p95
  throughput          1302.7 img/s
  peak memory         596 MB
  parameters          8,192

Loading pretrained model MANIQA from /home/sergey/.cache/torch/hub/pyiqa/ckpt_koniq10k.pt
maniqa
  FLOPs per image     6055.4 G
  latency batch 1     320.1 ms p50, 321.3 ms p95
  throughput          3.0 img/s
  peak memory         35346 MB
  parameters          135,747,530

Loading pretrained model NIMA from /home/sergey/.cache/torch/hub/pyiqa/NIMA_InceptionV2_ava-b0c77c00.pth
nima
  FLOPs per image     26.3 G
  latency batch 1     18.4 ms p50, 21.6 ms p95
  throughput          869.1 img/s
  peak memory         517 MB
  parameters          54,321,834

Loading pretrained model PAQ2PIQ from /home/sergey/.cache/torch/hub/pyiqa/P2P_RoIPoolModel-fit.10.bs.120-ca69882e.pth
paq2piq
  FLOPs per image     3.6 G
  latency batch 1     1.6 ms p50, 2.4 ms p95
  throughput          6194.9 img/s
  peak memory         163 MB
  parameters          11,704,897

Loading pretrained model TReS from /home/sergey/.cache/torch/hub/pyiqa/tres_koniq-f0502926.pth
tres
  FLOPs per image     1995.2 G
  latency batch 1     105.6 ms p50, 138.8 ms p95
  throughput          5.0 img/s
  peak memory         24816 MB
  parameters          152,452,265

Loading pretrained model WaDIQaM from /home/sergey/.cache/torch/hub/pyiqa/WaDIQaM-NR-koniq-aaffea29.pth
wadiqam_nr
  FLOPs per image     4.9 G
  latency batch 1     1.1 ms p50, 1.4 ms p95
  throughput          4997.7 img/s
  peak memory         189 MB
  parameters          5,238,562

Loading pretrained model CFANet from /home/sergey/.cache/torch/hub/pyiqa/cfanet_nr_koniq_res50-9a73138b.pth
topiq_nr
  FLOPs per image     14.1 G
  latency batch 1     9.7 ms p50, 11.0 ms p95
  throughput          1359.3 img/s
  peak memory         548 MB
  parameters          45,196,934

Loading pretrained model CFANet from /home/sergey/.cache/torch/hub/pyiqa/cfanet_nr_spaq_res50-a7f799ac.pth
topiq_nr-spaq
  FLOPs per image     14.1 G
  latency batch 1     8.9 ms p50, 9.5 ms p95
  throughput          1352.1 img/s
  peak memory         548 MB
  parameters          45,196,934

Loading pretrained model MUSIQ from /home/sergey/.cache/torch/hub/pyiqa/musiq_spaq_ckpt-358bb6af.pth
musiq-spaq
  FLOPs per image     17.8 G
  latency batch 1     7.8 ms p50, 24.3 ms p95
  throughput          396.0 img/s
  peak memory         1023 MB
  parameters          27,125,825

Loading pretrained model MUSIQ from /home/sergey/.cache/torch/hub/pyiqa/musiq_ava_ckpt-e8d3f067.pth
musiq-ava
  FLOPs per image     17.8 G
  latency batch 1     7.9 ms p50, 9.5 ms p95
  throughput          371.9 img/s
  peak memory         1023 MB
  parameters          27,129,290

-> cost_batch2.csv
